<?xml version="1.0" encoding="utf-8"?><testsuites><testsuite name="pytest" errors="0" failures="0" skipped="0" tests="4" time="292.184" timestamp="2024-09-16T20:09:26.463206" hostname="MacBook-Air-de-Vicente.local"><testcase classname="tests.model.test_model.TestModel" name="test_model_fit" time="70.828" /><testcase classname="tests.model.test_model.TestModel" name="test_model_predict" time="71.816" /><testcase classname="tests.model.test_model.TestModel" name="test_model_preprocess_for_serving" time="69.253" /><testcase classname="tests.model.test_model.TestModel" name="test_model_preprocess_for_training" time="69.520" /></testsuite></testsuites>